Microsoft (R) Macro Assembler Version 14.10.25017.0	    06/02/17 13:32:26
Debug\Projekat.asm					     Page 1 - 1


				INCLUDE Irvine32.inc
			      C ; Include file for Irvine32.lib             (Irvine32.inc)
			      C 
			      C ;OPTION CASEMAP:NONE		; optional: make identifiers case-sensitive
			      C 
			      C INCLUDE SmallWin.inc		; MS-Windows prototypes, structures, and constants
			      C .NOLIST
			      C .LIST
			      C 
			      C INCLUDE VirtualKeys.inc
			      C ; VirtualKeys.inc
			      C .NOLIST
			      C .LIST
			      C 
			      C 
			      C .NOLIST
			      C .LIST
			      C 
				INCLUDE macros.inc
			      C .NOLIST
			      C .LIST
			      C 

 00000000			.const
 = 00030D40			BUFFER_SIZE = 200000
 = 00010000			MAX_PICTURE_SIZE = 65536

 00000000			.data
 00000000  00030D40 [		buffer BYTE BUFFER_SIZE DUP(?)
	    00
	   ]
 00030D40  00000050 [		filename    BYTE 80 DUP(0)
	    00
	   ]
 00030D90 00000000		fileHandle  HANDLE ?

 00030D94  00030D40 [		outbuffer BYTE BUFFER_SIZE DUP(?)
	    00
	   ]
 00061AD4  00000050 [		outfilename BYTE 80 DUP(0)
	    00
	   ]
 00061B24 00000000		outfileHandle HANDLE ?
 00061B28 00000000		outindex DWORD 0

				;// Osnovni parametri slike:
 00061B2C 5032			P2 WORD 5032h
 00061B2E 00000000		velicinaBafera DWORD ?
 00061B32 0000			M WORD ?
 00061B34 0000			N WORD ?
 00061B36 0000			Lmax WORD ?

				;// Promenljive
 00061B38 00000000		pocetakNiza DWORD 0;// Promenljivu koristimo kao index.
 00061B3C 00000000		suma DWORD 0;// Promenljivu koristimo u proceduri ObradaSlike.
 00061B40  00000100 [		histogram WORD 256 DUP(0);// Vrednost clana niza zavisi od broja ponavljanja u nizu pixeli.
	    0000
	   ]
 00061D40  00010000 [		pixeli WORD MAX_PICTURE_SIZE DUP(?);// Niz koji koristimo za smestanje vrednosti iz buffera. Kada naidjemo na EOL,
	    0000
	   ]
																					 ;// u niz upisujemo vrednost -1, zbog toga je niz tipa WORD.
																					 ;// U suprotnom, ako bismo imali BYTE, vrednost -1 bila bi ista kao vrednost 255.
 00081D40  00000004 [		broj BYTE 4 DUP(?)
	    00
	   ]
 00081D44 0000			cifra WORD 0;// Odredjuje da li je broj jednocif,dvocif ili trocif (WORD zbog cx).
 00081D46 00000000		brojac DWORD 0

				;//										.CODE
 00000000			.code

 00000000			close_file PROC
 00000000  A1 00030D90 R	mov	eax,fileHandle
 00000005  E8 00000000 E	call CloseFile
				exit
 0000000A  6A 00	   *	    push   +000000000h
 0000000C  E8 00000000 E   *	    call   ExitProcess
 00000011			close_file ENDP

				;//										CitajBroj
				;// Pretvara vrednost ciji je pocetni clan buffer[pocetakNiza] u INT.
				;// Po izlasku iz procedure vrednost je sacuvana u EAX, dok buffer[pocetakNiza] pokazuje na 20h(space).

 00000011			CitajBroj PROC STDCALL USES ebx esi ecx

 00000011  53		   *	    push   ebx
 00000012  56		   *	    push   esi
 00000013  51		   *	    push   ecx
 00000014  BA 00000000 R	mov edx,OFFSET buffer;
 00000019  33 C0		xor eax,eax
 0000001B  33 C9		xor ecx,ecx
 0000001D  33 DB		xor ebx,ebx

 0000001F  03 15 00061B38 R	add edx,pocetakNiza
				;// Petlja ce se obradjivati sve dok ne naidjemo na 20h(space) ili 0Ah(EOL).
 00000025			Ucitavanje:
 00000025  8A 02		mov al,[edx]
 00000027  88 83 00081D40 R	mov broj[ebx],al
 0000002D  42			inc edx
 0000002E  FF 05 00061B38 R	inc pocetakNiza
 00000034  43			inc ebx
 00000035  8A 02		mov al,[edx]
 00000037  3C 20		cmp al,20h
 00000039  74 04		je Pretvaranje
 0000003B  3C 0A		cmp al,0ah
 0000003D  75 E6		jne Ucitavanje

 0000003F			Pretvaranje:
 0000003F  C6 83 00081D40 R	mov broj[ebx],3;// Kraj stringa u ASCII je 3h.
	   03
											 ;// Ovim resavamo problem jednocifrenih i dvocifrenih brojeva.

				;// ParseDecimal zahteva da EDX i ECX budu popunjeni na ovaj nacin.
 00000046  BA 00081D40 R	mov edx,OFFSET broj
 0000004B  8B CB		mov ecx,ebx
 0000004D  E8 00000000 E	call ParseDecimal32

				;// Pre povratka iz rutine vracamo offset buffer-a u EDX.
 00000052  BA 00000000 R	mov edx,OFFSET buffer
				ret
 00000057  59		   *	    pop    ecx
 00000058  5E		   *	    pop    esi
 00000059  5B		   *	    pop    ebx
 0000005A  C3		   *	    ret    00000h
 0000005B			CitajBroj ENDP

				;//										Uvod
				;// Otvaramo sliku i formiramo izlaznu sliku uz provere ispravnosti.
				;// Ucitavamo parametre M,N,Lmax i komentar.
				;// Prepisujemo prva cetiri reda u outbuffer.
				;// Po izlasku iz procedure vrednost buffer[pocetakNiza] pokazuje na prvi pixel,
				;// dok outindex pokazuje na index outbuffer-a od kojeg upisujemo promenjene pixele u proceduri IzlazniFajl.

 0000005B			Uvod PROC
 0000005B  BA 00000000 R	mov edx, OFFSET buffer
 00000060  33 DB		xor ebx,ebx
 00000062  8B DA		mov ebx,edx
 00000064  03 1D 00061B38 R	add ebx,pocetakNiza
 0000006A  8A 23		mov ah,[ebx]
 0000006C  43			inc ebx
 0000006D  8A 03		mov al,[ebx]
 0000006F  66| 3B 05		cmp ax,P2
	   00061B2C R
 00000076  74 16		je DrugiRed
				mWrite <"Format slike je pogresan.">
 00081D4A		     1		.data		
 00081D4A 46 6F 72 6D 61     1		??0000 BYTE "Format slike je pogresan.",0	
	   74 20 73 6C 69
	   6B 65 20 6A 65
	   20 70 6F 67 72
	   65 73 61 6E 2E
	   00
 00000078		     1		.code
 00000078  52		     1		push	edx
 00000079  BA 00081D4A R     1		mov	edx,OFFSET ??0000
 0000007E  E8 00000000 E     1		call	WriteString
 00000083  5A		     1		pop	edx
 00000084  E8 00000000 E	call WriteWindowsMsg
 00000089  E8 FFFFFF72		call	close_file

 0000008E			DrugiRed:
 0000008E  83 05 00061B38 R	add pocetakNiza,3; // Sada pocetakNiza pokazuje na #.
	   03
 00000095  83 C3 02		add ebx,2
				;// Prelazimo preko komentara.
 00000098			Komentar:
 00000098  FF 05 00061B38 R	inc pocetakNiza
 0000009E  43			inc ebx
 0000009F  8A 13		mov dl,[ebx]
 000000A1  80 FA 0A		cmp dl,0ah
 000000A4  75 F2		jne Komentar

 000000A6			TreciRed:;// Labela resava problem za nesting!
 000000A6  FF 05 00061B38 R	inc pocetakNiza
 000000AC  E8 FFFFFF60		call CitajBroj;// Ucitali smo M.
 000000B1  66| A3		mov M,ax
	   00061B32 R
 000000B7  FF 05 00061B38 R	inc pocetakNiza
 000000BD  E8 FFFFFF4F		call CitajBroj
 000000C2  66| A3		mov N,ax;// Ucitali smo N.
	   00061B34 R
 000000C8  FF 05 00061B38 R	inc pocetakNiza
 000000CE  E8 FFFFFF3E		call CitajBroj
 000000D3  66| A3		mov Lmax,ax;// Ucitali smo Lmax.
	   00061B36 R

				mWrite "Unesite zeljeno ime izlaznog fajla: "
 00081D64		     1		.data		
 00081D64 55 6E 65 73 69     1		??0001 BYTE "Unesite zeljeno ime izlaznog fajla: ",0	
	   74 65 20 7A 65
	   6C 6A 65 6E 6F
	   20 69 6D 65 20
	   69 7A 6C 61 7A
	   6E 6F 67 20 66
	   61 6A 6C 61 3A
	   20 00
 000000D9		     1		.code
 000000D9  52		     1		push	edx
 000000DA  BA 00081D64 R     1		mov	edx,OFFSET ??0001
 000000DF  E8 00000000 E     1		call	WriteString
 000000E4  5A		     1		pop	edx
 000000E5  BA 00061AD4 R	mov edx,OFFSET outfilename
 000000EA  B9 00000050		mov ecx,SIZEOF outfilename
 000000EF  E8 00000000 E	call ReadString

 000000F4  E8 00000000 E	call CreateOutputFile
 000000F9  A3 00061B24 R	mov  outfileHandle,eax

				;// Prepisujemo prva cetiri reda u izlazni fajl.
				;// Po izlasku iz petlje rucno upisujemo buffer[0], jer za vrednost ECX=0 nismo prosli kroz petlju.
 000000FE  8B 0D 00061B38 R	mov ecx,pocetakNiza
 00000104			Prepisivanje:
 00000104  8A 81 00000000 R	mov al,buffer[ecx]
 0000010A  88 81 00030D94 R	mov outbuffer[ecx],al
 00000110  E2 F2		loop Prepisivanje

 00000112  A0 00000000 R	mov al,buffer[0]
 00000117  88 81 00030D94 R	mov outbuffer[ecx],al

 0000011D  FF 05 00061B38 R	inc pocetakNiza;// PocetakNiza pokazuje na prvi pixel.
 00000123  A1 00061B38 R	mov eax,pocetakNiza
 00000128  A3 00061B28 R	mov outindex,eax

 0000012D  C3			ret
 0000012E			Uvod ENDP

				;//										PixHis
				;// Koristimo proceduru CitajBroj da bismo dobili INT vrednosti, koje upisujemo u niz pixeli[].
				;// Kada naidjemo na EOL, upisujemo vrednost -1.
				;// Po izlasku iz procedure niz pixeli[] je popunjen vrednostima pixel-a originalne slike.

 0000012E			PixHis PROC

 0000012E  33 DB		xor ebx,ebx;// Koristimo ga kao brojac
 00000130  33 C0		xor eax,eax
 00000132  66| A1		mov ax, M
	   00061B32 R
 00000138  66| F7 25		mul N
	   00061B34 R
 0000013F  8B C8		mov ecx,eax

 00000141			Petlja:
 00000141  E8 FFFFFECB		call CitajBroj
 00000146  66| 89 83		mov pixeli[ebx],ax;// Upisujemo svaki pixel slike.
	   00061D40 R
 0000014D  6B C0 02		imul eax,2;// EAX sada postaje indeks histograma. Mnozimo sa 2,jer je histogram WORD!
 00000150  8B F0		mov esi,eax
 00000152  66| FF 86		inc histogram[esi]
	   00061B40 R
 00000159  FF 05 00061B38 R	inc pocetakNiza
 0000015F  03 15 00061B38 R	add edx,pocetakNiza
 00000165  8B 3A		mov edi,[edx]
 00000167  8B D7		mov edx,edi
 00000169  80 FA 0A		cmp dl,0ah;// Proveravamo da li nam pocetakNiza trenutno pokazuje na EOL.
 0000016C  75 11		jnz Nastavi
 0000016E  43			inc ebx;// Povecavamo ebx za 2 jer je on indeks pixel-a, koji su WORD.
 0000016F  43			inc ebx
 00000170  66| C7 83		mov pixeli[ebx],-1
	   00061D40 R
	   FFFF
 00000179  FF 05 00061B38 R	inc pocetakNiza;// Pomeramo pocetakNiza na prvu cifru narednog pixela 
 0000017F			Nastavi:
 0000017F  43			inc ebx
 00000180  43			inc ebx

 00000181  E2 BE		loop Petlja

 00000183  C3			ret
 00000184			PixHis ENDP

				;//										ObradaSlike
				;// Koristimo formulu za promenu vrednosti pixel-a.
				;// Vrednost histogram[edi] jednaka je broju ponavljanja pixel-a EDI. Njega prvo dodajemo sumi,
				;// a zatim ga menjamo.
				;// Po izlasku iz procedure u nizu histogram[] se nalaze nove vrednosti pixel-a.

 00000184			ObradaSlike PROC
 00000184  33 C9		xor ecx,ecx
 00000186  33 C0		xor eax,eax
 00000188  33 DB		xor ebx,ebx
 0000018A  66| 8B 0D		mov cx,Lmax
	   00061B36 R
 00000191  BF 00000000		mov edi,0

 00000196			Obrada:
 00000196  66| 8B 87		mov ax,histogram[edi]
	   00061B40 R
 0000019D  01 05 00061B3C R	add suma,eax
 000001A3  A1 00061B3C R	mov eax,suma
 000001A8  83 F8 00		cmp eax,0;// Proveravamo da li se pixel EDI pojavio u originalnoj slici.
 000001AB  74 49		jz Sledeci
 000001AD  33 D2		xor edx,edx
 000001AF  A1 00061B3C R	mov eax,suma;// Ubacujemo ponovo u ax, jer u suprotnom prijavljuje gresku za bracket.
 000001B4  66| F7 25		mul Lmax
	   00061B36 R
 000001BB  66| 8B 1D		mov bx,M
	   00061B32 R
 000001C2  66| 0F AF 1D		imul bx,N
	   00061B34 R
 000001CA  66| F7 F3		div bx
 000001CD  83 F8 00		cmp eax,0; // Nakon promene u formuli proveravamo da li je nova vrednost pixel-a nula.
 000001D0  75 0B		jne NijeNula

 000001D2			Nula:
 000001D2  66| C7 87		mov histogram[edi],0
	   00061B40 R
	   0000
 000001DB  EB 19		jmp Sledeci
 000001DD			NijeNula:
 000001DD  3D 000000FF		cmp eax,255
 000001E2  7F 09		jg Crno

 000001E4  66| 89 87		mov histogram[edi],ax
	   00061B40 R
 000001EB  EB 09		jmp Sledeci
 000001ED			Crno:
 000001ED  66| C7 87		mov histogram[edi],255
	   00061B40 R
	   00FF
 000001F6			Sledeci:
 000001F6  83 C7 02		add edi,2
 000001F9  E2 9B		loop Obrada

 000001FB  C3			ret
 000001FC			ObradaSlike ENDP

				;//										IzlazniFajl
				;// Menjamo niz pixeli[] novim vrednostima iz histogram-a.
				;// Popunjavamo outbuffer[] pocevsi od vrednosti outindex, a zatim outbuffer[] saljemo
				;// na izlazni fajl.

 000001FC			IzlazniFajl PROC
 000001FC  BA 00061D40 R	mov edx,OFFSET pixeli
 00000201  33 DB		xor ebx,ebx
 00000203  33 D2		xor edx,edx

 00000205  66| A1		mov ax,M
	   00061B32 R
 0000020B  66| F7 25		mul N
	   00061B34 R
 00000212  A3 00081D46 R	mov brojac,eax;// Koristimo brojac,jer zelimo da se osiguramo da necemo obraditi vrednosti koje ukazuju na EOL.

				;// Menjamo niz pixeli[] novim vrednostima iz histogram-a.
 00000217			NoviPixeli:
 00000217  66| 8B 83		mov ax,pixeli[ebx]
	   00061D40 R
 0000021E  66| 83 F8 FF		cmp ax,-1
 00000222  74 13		je VrednostNovogReda;// Ovim smo sigurni da smo obradili samo pixele, a ne i vrednosti koje ukazuju na EOL.
 00000224  6B C0 02		imul eax,2
 00000227  66| 8B 90		mov dx,histogram[eax]
	   00061B40 R
 0000022E  66| 89 93		mov pixeli[ebx],dx
	   00061D40 R
 00000235  EB 06		jmp SledeciPix

 00000237			VrednostNovogReda:
 00000237  FF 05 00081D46 R	inc brojac
 0000023D			SledeciPix:
 0000023D  43			inc ebx
 0000023E  43			inc ebx
 0000023F  FF 0D 00081D46 R	dec brojac
 00000245  83 3D 00081D46 R	cmp brojac, 0
	   00
 0000024C  75 C9		jne NoviPixeli

				;// Ponovo podesavamo vrednosti brojaca i cistimo registre.
				;// Promenljive M i N koristimo za smestanje vrednosti 100 i 10, jer nam dimenzije slike vise nisu potrebne.

 0000024E  66| A1		mov ax,M
	   00061B32 R
 00000254  66| F7 2D		imul N
	   00061B34 R
 0000025B  A3 00081D46 R	mov brojac,eax
 00000260  33 C0		xor eax,eax
 00000262  33 DB		xor ebx,ebx;// EBX je indeks od outbuffer BYTE, dok je EDI indeks od pixeli WORD.
 00000264  33 FF		xor edi,edi
 00000266  8B 1D 00061B28 R	mov ebx,outindex
 0000026C  66| C7 05		mov M,100;//Ne moze neposredno div 100,i div 10 pa smestamo u M i N.
	   00061B32 R
	   0064
 00000275  66| C7 05		mov N,10
	   00061B34 R
	   000A

				;// Petlja NoviIzlazni popunjava outbuffer novim vrednostima niza pixeli[].
				;// Da bismo popunili outbuffer moramo pretvoriti INT u CHAR, tako da vrsimo proveru broja cifara INT,
				;// a zatim na tu vrednost dodajemo 30h i tako dobijamo ascii vrednost broja.
				;// Ako naidjemo na -1, signaliziramo kraj reda i upisujemo 0Ah u outbuffer. U tom slucaju brojac se ne smanjuje.
 0000027E			NoviIzlazni:

 0000027E  66| 8B 87		mov ax,pixeli[edi]
	   00061D40 R
 00000285  66| 83 F8 FF		cmp ax,-1
 00000289  0F 84 000000A9	je KrajReda

 0000028F  33 D2		xor edx,edx
 00000291  66| F7 35		div M
	   00061B32 R
 00000298  66| 83 F8 00		cmp ax,0;// Proveravamo da li je broj dvocifren.
 0000029C  74 2E		je Dvocifren
 0000029E			Trocifren:;// Trocifreni broj
 0000029E  66| C7 05		mov cifra,3
	   00081D44 R
	   0003
 000002A7  04 30		add al,30h
 000002A9  A2 00081D40 R	mov broj[0],al;// Stotine
 000002AE  66| 8B C2		mov ax,dx
 000002B1  33 D2		xor edx,edx
 000002B3  66| F7 35		div N
	   00061B34 R
 000002BA  04 30		add al,30h
 000002BC  80 C2 30		add dl,30h
 000002BF  A2 00081D41 R	mov broj[1],al;// Desetice
 000002C4  88 15 00081D42 R	mov broj[2],dl;// Jedinice
 000002CA  EB 3C		jmp Ispis

 000002CC			Dvocifren:;// Dvocifreni broj
 000002CC  66| C7 05		mov cifra,2
	   00081D44 R
	   0002
 000002D5  8A C2		mov al,dl
 000002D7  33 D2		xor edx,edx
 000002D9  66| F7 35		div N
	   00061B34 R
 000002E0  3C 00		cmp al,0
 000002E2  74 12		je Jednocifren
 000002E4  04 30		add al,30h
 000002E6  80 C2 30		add dl,30h
 000002E9  A2 00081D40 R	mov broj[0],al;// Desetice
 000002EE  88 15 00081D41 R	mov broj[1],dl;// Jedinice
 000002F4  EB 12		jmp Ispis

 000002F6			Jednocifren:;// Jednocifreni broj
 000002F6  66| C7 05		mov cifra,1
	   00081D44 R
	   0001
 000002FF  80 C2 30		add dl,30h
 00000302  88 15 00081D40 R	mov broj[0],dl;// Jedinice

				;// Petlja kojom popunjavamo outbuffer.
 00000308			Ispis:
 00000308  33 D2		xor edx,edx
 0000030A  33 C0		xor eax,eax
 0000030C  8B C7		mov eax,edi;// EAX sada cuva index od pixeli[] dok koristimo EDI za index niza broj.
 0000030E  33 FF		xor edi,edi
 00000310			Dodavanje:
 00000310  8A 97 00081D40 R	mov dl,broj[edi]
 00000316  88 93 00030D94 R	mov outbuffer[ebx],dl
 0000031C  43			inc ebx
 0000031D  47			inc edi
 0000031E  66| FF 0D		dec cifra
	   00081D44 R
 00000325  66| 83 3D		cmp cifra,0
	   00081D44 R 00
 0000032D  75 E1		jnz Dodavanje
 0000032F  C6 83 00030D94 R	mov outbuffer[ebx],20h;// Ne povecavamo ebx, zato sto se to radi u labeli Sledeci.
	   20
 00000336  EB 0F		jmp Sledeci

 00000338			KrajReda:
 00000338  C6 83 00030D94 R	mov outbuffer[ebx],0ah
	   0A
 0000033F  8B C7		mov eax,edi;// U slucaju kada nije kraj reda, EAX cuva vrednost EDI, koju vracamo u labeli Sledeci.
									 ;// Ako udjemo u labelu KrajReda smestanje se nece desiti pa to radimo ovde zbog kasnije zamene.
 00000341  FF 05 00081D46 R	inc brojac;// Jer ne treba da se smanjuje za kraj reda.

 00000347			Sledeci:
 00000347  43			inc ebx
 00000348  8B F8		mov edi,eax
 0000034A  47			inc edi
 0000034B  47			inc edi

 0000034C  FF 0D 00081D46 R	dec brojac
 00000352  83 3D 00081D46 R	cmp brojac,0
	   00
 00000359  0F 85 FFFFFF1F	jne NoviIzlazni

				;// Upisujemo vrednost outbuffer u izlazni fajl i dobijamo izostrenu sliku.
 0000035F  A1 00061B24 R	mov  eax, outfileHandle
 00000364  BA 00030D94 R	mov  edx, OFFSET outbuffer
 00000369  B9 00030D40		mov  ecx,BUFFER_SIZE
 0000036E  E8 00000000 E	call WriteToFile

 00000373  C3			ret
 00000374			IzlazniFajl ENDP

				;//										MAIN
				;// Ucitavamo originalnu sliku i izvrsavamo provere. 
				;// Zatim pozivamo procedure.
				;// Na kraju zatvaramo originalnu i izostrenu sliku.

 00000374			main PROC

				mWrite <"Unesite ime slike u .pgm formatu: ">
 00081D89		     1		.data		
 00081D89 55 6E 65 73 69     1		??0002 BYTE "Unesite ime slike u .pgm formatu: ",0	
	   74 65 20 69 6D
	   65 20 73 6C 69
	   6B 65 20 75 20
	   2E 70 67 6D 20
	   66 6F 72 6D 61
	   74 75 3A 20 00
 00000374		     1		.code
 00000374  52		     1		push	edx
 00000375  BA 00081D89 R     1		mov	edx,OFFSET ??0002
 0000037A  E8 00000000 E     1		call	WriteString
 0000037F  5A		     1		pop	edx
 00000380  BA 00030D40 R	mov	edx,OFFSET filename
 00000385  B9 00000050		mov	ecx,SIZEOF filename
 0000038A  E8 00000000 E	call ReadString

 0000038F  BA 00030D40 R	mov	edx,OFFSET filename
 00000394  E8 00000000 E	call OpenInputFile
 00000399  A3 00030D90 R	mov	fileHandle,eax

 0000039E  83 F8 FF		cmp	eax,INVALID_HANDLE_VALUE
 000003A1  75 13		jne	file_ok
				mWrite <"Greska pri otvaranju fajla.",0dh,0ah>
 00081DAC		     1		.data		
 00081DAC 47 72 65 73 6B     1		??0003 BYTE "Greska pri otvaranju fajla.",0dh,0ah,0	
	   61 20 70 72 69
	   20 6F 74 76 61
	   72 61 6E 6A 75
	   20 66 61 6A 6C
	   61 2E 0D 0A 00
 000003A3		     1		.code
 000003A3  52		     1		push	edx
 000003A4  BA 00081DAC R     1		mov	edx,OFFSET ??0003
 000003A9  E8 00000000 E     1		call	WriteString
 000003AE  5A		     1		pop	edx
 000003AF  E8 00000000 E	call WriteWindowsMsg
 000003B4  EB 7F		jmp	quit

 000003B6			file_ok:
 000003B6  BA 00000000 R	mov	edx,OFFSET buffer
 000003BB  B9 00030D40		mov	ecx,BUFFER_SIZE
 000003C0  E8 00000000 E	call ReadFromFile
 000003C5  73 1D		jnc	check_buffer_size

				mWrite <"Greska pri citanju fajla. ",0dh,0ah>
 00081DCA		     1		.data		
 00081DCA 47 72 65 73 6B     1		??0004 BYTE "Greska pri citanju fajla. ",0dh,0ah,0	
	   61 20 70 72 69
	   20 63 69 74 61
	   6E 6A 75 20 66
	   61 6A 6C 61 2E
	   20 0D 0A 00
 000003C7		     1		.code
 000003C7  52		     1		push	edx
 000003C8  BA 00081DCA R     1		mov	edx,OFFSET ??0004
 000003CD  E8 00000000 E     1		call	WriteString
 000003D2  5A		     1		pop	edx
 000003D3  E8 00000000 E	call WriteWindowsMsg
 000003D8  A1 00030D90 R	mov eax, fileHandle
 000003DD  E8 FFFFFC1E		call	close_file
 000003E2  EB 51		jmp quit

 000003E4			check_buffer_size:
 000003E4  3D 00030D40		cmp	eax,BUFFER_SIZE
 000003E9  76 1D		jbe	buf_size_ok

				mWrite <"Greska: Dimenzije slike su prevelike.",0dh,0ah>
 00081DE7		     1		.data		
 00081DE7 47 72 65 73 6B     1		??0005 BYTE "Greska: Dimenzije slike su prevelike.",0dh,0ah,0	
	   61 3A 20 44 69
	   6D 65 6E 7A 69
	   6A 65 20 73 6C
	   69 6B 65 20 73
	   75 20 70 72 65
	   76 65 6C 69 6B
	   65 2E 0D 0A 00
 000003EB		     1		.code
 000003EB  52		     1		push	edx
 000003EC  BA 00081DE7 R     1		mov	edx,OFFSET ??0005
 000003F1  E8 00000000 E     1		call	WriteString
 000003F6  5A		     1		pop	edx
 000003F7  E8 00000000 E	call WriteWindowsMsg
 000003FC  A1 00030D90 R	mov eax, fileHandle
 00000401  E8 FFFFFBFA		call	close_file
 00000406  EB 2D		jmp quit

 00000408			buf_size_ok:
 00000408  A3 00061B2E R	mov velicinaBafera,eax

 0000040D  E8 FFFFFC49		call Uvod
 00000412  E8 FFFFFD17		call PixHis
 00000417  E8 FFFFFD68		call ObradaSlike
 0000041C  E8 FFFFFDDB		call IzlazniFajl


 00000421  A1 00061B24 R	mov  eax,outfileHandle
 00000426  E8 00000000 E	call CloseFile

 0000042B  A1 00030D90 R	mov	eax,fileHandle
 00000430  E8 00000000 E	call CloseFile

 00000435			quit:
				exit
 00000435  6A 00	   *	    push   +000000000h
 00000437  E8 00000000 E   *	    call   ExitProcess
 0000043C			main ENDP
				END main
Microsoft (R) Macro Assembler Version 14.10.25017.0	    06/02/17 13:32:26
Debug\Projekat.asm					     Symbols 2 - 1




Macros:

                N a m e                 Type

IsDefined  . . . . . . . . . . .	Func
Startup  . . . . . . . . . . . .	Proc
mDumpMem . . . . . . . . . . . .	Proc
mDump  . . . . . . . . . . . . .	Proc
mGotoxy  . . . . . . . . . . . .	Proc
mReadString  . . . . . . . . . .	Proc
mShowRegister  . . . . . . . . .	Proc
mShow  . . . . . . . . . . . . .	Proc
mWriteLn . . . . . . . . . . . .	Proc
mWriteSpace  . . . . . . . . . .	Proc
mWriteString . . . . . . . . . .	Proc
mWrite . . . . . . . . . . . . .	Proc


Structures and Unions:

                N a m e                  Size
                                         Offset      Type

CONSOLE_CURSOR_INFO  . . . . . .	 00000008
  dwSize . . . . . . . . . . . .	 00000000	 DWord
  bVisible . . . . . . . . . . .	 00000004	 DWord
CONSOLE_SCREEN_BUFFER_INFO . . .	 00000016
  dwSize . . . . . . . . . . . .	 00000000	 DWord
  dwCursorPosition . . . . . . .	 00000004	 DWord
  wAttributes  . . . . . . . . .	 00000008	 Word
  srWindow . . . . . . . . . . .	 0000000A	 QWord
  dwMaximumWindowSize  . . . . .	 00000012	 DWord
COORD  . . . . . . . . . . . . .	 00000004
  X  . . . . . . . . . . . . . .	 00000000	 Word
  Y  . . . . . . . . . . . . . .	 00000002	 Word
FILETIME . . . . . . . . . . . .	 00000008
  loDateTime . . . . . . . . . .	 00000000	 DWord
  hiDateTime . . . . . . . . . .	 00000004	 DWord
FOCUS_EVENT_RECORD . . . . . . .	 00000004
  bSetFocus  . . . . . . . . . .	 00000000	 DWord
FPU_ENVIRON  . . . . . . . . . .	 0000001C
  controlWord  . . . . . . . . .	 00000000	 Word
  statusWord . . . . . . . . . .	 00000004	 Word
  tagWord  . . . . . . . . . . .	 00000008	 Word
  instrPointerOffset . . . . . .	 0000000C	 DWord
  instrPointerSelector . . . . .	 00000010	 DWord
  operandPointerOffset . . . . .	 00000014	 DWord
  operandPointerSelector . . . .	 00000018	 Word
INPUT_RECORD . . . . . . . . . .	 00000014
  EventType  . . . . . . . . . .	 00000000	 Word
  Event  . . . . . . . . . . . .	 00000004	 XmmWord
  bKeyDown . . . . . . . . . . .	 00000000	 DWord
  wRepeatCount . . . . . . . . .	 00000004	 Word
  wVirtualKeyCode  . . . . . . .	 00000006	 Word
  wVirtualScanCode . . . . . . .	 00000008	 Word
  uChar  . . . . . . . . . . . .	 0000000A	 Word
  UnicodeChar  . . . . . . . . .	 00000000	 Word
  AsciiChar  . . . . . . . . . .	 00000000	 Byte
  dwControlKeyState  . . . . . .	 0000000C	 DWord
  dwMousePosition  . . . . . . .	 00000000	 DWord
  dwButtonState  . . . . . . . .	 00000004	 DWord
  dwMouseControlKeyState . . . .	 00000008	 DWord
  dwEventFlags . . . . . . . . .	 0000000C	 DWord
  dwSize . . . . . . . . . . . .	 00000000	 DWord
  dwCommandId  . . . . . . . . .	 00000000	 DWord
  bSetFocus  . . . . . . . . . .	 00000000	 DWord
KEY_EVENT_RECORD . . . . . . . .	 00000010
  bKeyDown . . . . . . . . . . .	 00000000	 DWord
  wRepeatCount . . . . . . . . .	 00000004	 Word
  wVirtualKeyCode  . . . . . . .	 00000006	 Word
  wVirtualScanCode . . . . . . .	 00000008	 Word
  uChar  . . . . . . . . . . . .	 0000000A	 Word
  UnicodeChar  . . . . . . . . .	 00000000	 Word
  AsciiChar  . . . . . . . . . .	 00000000	 Byte
  dwControlKeyState  . . . . . .	 0000000C	 DWord
MENU_EVENT_RECORD  . . . . . . .	 00000004
  dwCommandId  . . . . . . . . .	 00000000	 DWord
MOUSE_EVENT_RECORD . . . . . . .	 00000010
  dwMousePosition  . . . . . . .	 00000000	 DWord
  dwButtonState  . . . . . . . .	 00000004	 DWord
  dwMouseControlKeyState . . . .	 00000008	 DWord
  dwEventFlags . . . . . . . . .	 0000000C	 DWord
SMALL_RECT . . . . . . . . . . .	 00000008
  Left . . . . . . . . . . . . .	 00000000	 Word
  Top  . . . . . . . . . . . . .	 00000002	 Word
  Right  . . . . . . . . . . . .	 00000004	 Word
  Bottom . . . . . . . . . . . .	 00000006	 Word
SYSTEMTIME . . . . . . . . . . .	 00000010
  wYear  . . . . . . . . . . . .	 00000000	 Word
  wMonth . . . . . . . . . . . .	 00000002	 Word
  wDayOfWeek . . . . . . . . . .	 00000004	 Word
  wDay . . . . . . . . . . . . .	 00000006	 Word
  wHour  . . . . . . . . . . . .	 00000008	 Word
  wMinute  . . . . . . . . . . .	 0000000A	 Word
  wSecond  . . . . . . . . . . .	 0000000C	 Word
  wMilliseconds  . . . . . . . .	 0000000E	 Word
WINDOW_BUFFER_SIZE_RECORD  . . .	 00000004
  dwSize . . . . . . . . . . . .	 00000000	 DWord


Segments and Groups:

                N a m e                 Size     Length   Align   Combine Class

CONST  . . . . . . . . . . . . .	32 Bit	 00000000 Para	  Public  'CONST'	 ReadOnly
FLAT . . . . . . . . . . . . . .	GROUP
STACK  . . . . . . . . . . . . .	32 Bit	 00001000 Para	  Stack	  'STACK'	 
_DATA  . . . . . . . . . . . . .	32 Bit	 00081E0F Para	  Public  'DATA'	
_TEXT  . . . . . . . . . . . . .	32 Bit	 0000043C Para	  Public  'CODE'	


Procedures, parameters, and locals:

                N a m e                 Type     Value    Attr

CitajBroj  . . . . . . . . . . .	P Near	 00000011 _TEXT	Length= 0000004A Public STDCALL
  Ucitavanje . . . . . . . . . .	L Near	 00000025 _TEXT	
  Pretvaranje  . . . . . . . . .	L Near	 0000003F _TEXT	
CloseFile  . . . . . . . . . . .	P Near	 00000000 FLAT	Length= 00000000 External STDCALL
CloseHandle  . . . . . . . . . .	P Near	 00000000 FLAT	Length= 00000000 External STDCALL
Clrscr . . . . . . . . . . . . .	P Near	 00000000 FLAT	Length= 00000000 External STDCALL
CreateFileA  . . . . . . . . . .	P Near	 00000000 FLAT	Length= 00000000 External STDCALL
CreateOutputFile . . . . . . . .	P Near	 00000000 FLAT	Length= 00000000 External STDCALL
Crlf . . . . . . . . . . . . . .	P Near	 00000000 FLAT	Length= 00000000 External STDCALL
Delay  . . . . . . . . . . . . .	P Near	 00000000 FLAT	Length= 00000000 External STDCALL
DumpMem  . . . . . . . . . . . .	P Near	 00000000 FLAT	Length= 00000000 External STDCALL
DumpRegs . . . . . . . . . . . .	P Near	 00000000 FLAT	Length= 00000000 External STDCALL
ExitProcess  . . . . . . . . . .	P Near	 00000000 FLAT	Length= 00000000 External STDCALL
FileTimeToDosDateTime  . . . . .	P Near	 00000000 FLAT	Length= 00000000 External STDCALL
FileTimeToSystemTime . . . . . .	P Near	 00000000 FLAT	Length= 00000000 External STDCALL
FlushConsoleInputBuffer  . . . .	P Near	 00000000 FLAT	Length= 00000000 External STDCALL
FormatMessageA . . . . . . . . .	P Near	 00000000 FLAT	Length= 00000000 External STDCALL
GetCommandLineA  . . . . . . . .	P Near	 00000000 FLAT	Length= 00000000 External STDCALL
GetCommandTail . . . . . . . . .	P Near	 00000000 FLAT	Length= 00000000 External STDCALL
GetConsoleCP . . . . . . . . . .	P Near	 00000000 FLAT	Length= 00000000 External STDCALL
GetConsoleCursorInfo . . . . . .	P Near	 00000000 FLAT	Length= 00000000 External STDCALL
GetConsoleMode . . . . . . . . .	P Near	 00000000 FLAT	Length= 00000000 External STDCALL
GetConsoleScreenBufferInfo . . .	P Near	 00000000 FLAT	Length= 00000000 External STDCALL
GetDateTime  . . . . . . . . . .	P Near	 00000000 FLAT	Length= 00000000 External STDCALL
GetFileTime  . . . . . . . . . .	P Near	 00000000 FLAT	Length= 00000000 External STDCALL
GetKeyState  . . . . . . . . . .	P Near	 00000000 FLAT	Length= 00000000 External STDCALL
GetLastError . . . . . . . . . .	P Near	 00000000 FLAT	Length= 00000000 External STDCALL
GetLocalTime . . . . . . . . . .	P Near	 00000000 FLAT	Length= 00000000 External STDCALL
GetMaxXY . . . . . . . . . . . .	P Near	 00000000 FLAT	Length= 00000000 External STDCALL
GetMseconds  . . . . . . . . . .	P Near	 00000000 FLAT	Length= 00000000 External STDCALL
GetNumberOfConsoleInputEvents  .	P Near	 00000000 FLAT	Length= 00000000 External STDCALL
GetProcessHeap . . . . . . . . .	P Near	 00000000 FLAT	Length= 00000000 External STDCALL
GetStdHandle . . . . . . . . . .	P Near	 00000000 FLAT	Length= 00000000 External STDCALL
GetSystemTime  . . . . . . . . .	P Near	 00000000 FLAT	Length= 00000000 External STDCALL
GetTextColor . . . . . . . . . .	P Near	 00000000 FLAT	Length= 00000000 External STDCALL
GetTickCount . . . . . . . . . .	P Near	 00000000 FLAT	Length= 00000000 External STDCALL
Gotoxy . . . . . . . . . . . . .	P Near	 00000000 FLAT	Length= 00000000 External STDCALL
HeapAlloc  . . . . . . . . . . .	P Near	 00000000 FLAT	Length= 00000000 External STDCALL
HeapCreate . . . . . . . . . . .	P Near	 00000000 FLAT	Length= 00000000 External STDCALL
HeapDestroy  . . . . . . . . . .	P Near	 00000000 FLAT	Length= 00000000 External STDCALL
HeapFree . . . . . . . . . . . .	P Near	 00000000 FLAT	Length= 00000000 External STDCALL
HeapSize . . . . . . . . . . . .	P Near	 00000000 FLAT	Length= 00000000 External STDCALL
IsDigit  . . . . . . . . . . . .	P Near	 00000000 FLAT	Length= 00000000 External STDCALL
IzlazniFajl  . . . . . . . . . .	P Near	 000001FC _TEXT	Length= 00000178 Public STDCALL
  NoviPixeli . . . . . . . . . .	L Near	 00000217 _TEXT	
  VrednostNovogReda  . . . . . .	L Near	 00000237 _TEXT	
  SledeciPix . . . . . . . . . .	L Near	 0000023D _TEXT	
  NoviIzlazni  . . . . . . . . .	L Near	 0000027E _TEXT	
  Trocifren  . . . . . . . . . .	L Near	 0000029E _TEXT	
  Dvocifren  . . . . . . . . . .	L Near	 000002CC _TEXT	
  Jednocifren  . . . . . . . . .	L Near	 000002F6 _TEXT	
  Ispis  . . . . . . . . . . . .	L Near	 00000308 _TEXT	
  Dodavanje  . . . . . . . . . .	L Near	 00000310 _TEXT	
  KrajReda . . . . . . . . . . .	L Near	 00000338 _TEXT	
  Sledeci  . . . . . . . . . . .	L Near	 00000347 _TEXT	
LocalFree  . . . . . . . . . . .	P Near	 00000000 FLAT	Length= 00000000 External STDCALL
MessageBoxA  . . . . . . . . . .	P Near	 00000000 FLAT	Length= 00000000 External STDCALL
MsgBoxAsk  . . . . . . . . . . .	P Near	 00000000 FLAT	Length= 00000000 External STDCALL
MsgBox . . . . . . . . . . . . .	P Near	 00000000 FLAT	Length= 00000000 External STDCALL
ObradaSlike  . . . . . . . . . .	P Near	 00000184 _TEXT	Length= 00000078 Public STDCALL
  Obrada . . . . . . . . . . . .	L Near	 00000196 _TEXT	
  Nula . . . . . . . . . . . . .	L Near	 000001D2 _TEXT	
  NijeNula . . . . . . . . . . .	L Near	 000001DD _TEXT	
  Crno . . . . . . . . . . . . .	L Near	 000001ED _TEXT	
  Sledeci  . . . . . . . . . . .	L Near	 000001F6 _TEXT	
OpenInputFile  . . . . . . . . .	P Near	 00000000 FLAT	Length= 00000000 External STDCALL
ParseDecimal32 . . . . . . . . .	P Near	 00000000 FLAT	Length= 00000000 External STDCALL
ParseInteger32 . . . . . . . . .	P Near	 00000000 FLAT	Length= 00000000 External STDCALL
PeekConsoleInputA  . . . . . . .	P Near	 00000000 FLAT	Length= 00000000 External STDCALL
PixHis . . . . . . . . . . . . .	P Near	 0000012E _TEXT	Length= 00000056 Public STDCALL
  Petlja . . . . . . . . . . . .	L Near	 00000141 _TEXT	
  Nastavi  . . . . . . . . . . .	L Near	 0000017F _TEXT	
Random32 . . . . . . . . . . . .	P Near	 00000000 FLAT	Length= 00000000 External STDCALL
RandomRange  . . . . . . . . . .	P Near	 00000000 FLAT	Length= 00000000 External STDCALL
Randomize  . . . . . . . . . . .	P Near	 00000000 FLAT	Length= 00000000 External STDCALL
ReadChar . . . . . . . . . . . .	P Near	 00000000 FLAT	Length= 00000000 External STDCALL
ReadConsoleA . . . . . . . . . .	P Near	 00000000 FLAT	Length= 00000000 External STDCALL
ReadConsoleInputA  . . . . . . .	P Near	 00000000 FLAT	Length= 00000000 External STDCALL
ReadDec  . . . . . . . . . . . .	P Near	 00000000 FLAT	Length= 00000000 External STDCALL
ReadFile . . . . . . . . . . . .	P Near	 00000000 FLAT	Length= 00000000 External STDCALL
ReadFloat  . . . . . . . . . . .	P Near	 00000000 FLAT	Length= 00000000 External STDCALL
ReadFromFile . . . . . . . . . .	P Near	 00000000 FLAT	Length= 00000000 External STDCALL
ReadHex  . . . . . . . . . . . .	P Near	 00000000 FLAT	Length= 00000000 External STDCALL
ReadInt  . . . . . . . . . . . .	P Near	 00000000 FLAT	Length= 00000000 External STDCALL
ReadKeyFlush . . . . . . . . . .	P Near	 00000000 FLAT	Length= 00000000 External STDCALL
ReadKey  . . . . . . . . . . . .	P Near	 00000000 FLAT	Length= 00000000 External STDCALL
ReadString . . . . . . . . . . .	P Near	 00000000 FLAT	Length= 00000000 External STDCALL
SetConsoleCursorInfo . . . . . .	P Near	 00000000 FLAT	Length= 00000000 External STDCALL
SetConsoleCursorPosition . . . .	P Near	 00000000 FLAT	Length= 00000000 External STDCALL
SetConsoleMode . . . . . . . . .	P Near	 00000000 FLAT	Length= 00000000 External STDCALL
SetConsoleScreenBufferSize . . .	P Near	 00000000 FLAT	Length= 00000000 External STDCALL
SetConsoleTextAttribute  . . . .	P Near	 00000000 FLAT	Length= 00000000 External STDCALL
SetConsoleTitleA . . . . . . . .	P Near	 00000000 FLAT	Length= 00000000 External STDCALL
SetConsoleWindowInfo . . . . . .	P Near	 00000000 FLAT	Length= 00000000 External STDCALL
SetFilePointer . . . . . . . . .	P Near	 00000000 FLAT	Length= 00000000 External STDCALL
SetLocalTime . . . . . . . . . .	P Near	 00000000 FLAT	Length= 00000000 External STDCALL
SetTextColor . . . . . . . . . .	P Near	 00000000 FLAT	Length= 00000000 External STDCALL
ShowFPUStack . . . . . . . . . .	P Near	 00000000 FLAT	Length= 00000000 External STDCALL
Sleep  . . . . . . . . . . . . .	P Near	 00000000 FLAT	Length= 00000000 External STDCALL
StrLength  . . . . . . . . . . .	P Near	 00000000 FLAT	Length= 00000000 External STDCALL
Str_compare  . . . . . . . . . .	P Near	 00000000 FLAT	Length= 00000000 External STDCALL
Str_copy . . . . . . . . . . . .	P Near	 00000000 FLAT	Length= 00000000 External STDCALL
Str_length . . . . . . . . . . .	P Near	 00000000 FLAT	Length= 00000000 External STDCALL
Str_trim . . . . . . . . . . . .	P Near	 00000000 FLAT	Length= 00000000 External STDCALL
Str_ucase  . . . . . . . . . . .	P Near	 00000000 FLAT	Length= 00000000 External STDCALL
SystemTimeToFileTime . . . . . .	P Near	 00000000 FLAT	Length= 00000000 External STDCALL
Uvod . . . . . . . . . . . . . .	P Near	 0000005B _TEXT	Length= 000000D3 Public STDCALL
  DrugiRed . . . . . . . . . . .	L Near	 0000008E _TEXT	
  Komentar . . . . . . . . . . .	L Near	 00000098 _TEXT	
  TreciRed . . . . . . . . . . .	L Near	 000000A6 _TEXT	
  Prepisivanje . . . . . . . . .	L Near	 00000104 _TEXT	
WaitMsg  . . . . . . . . . . . .	P Near	 00000000 FLAT	Length= 00000000 External STDCALL
WriteBinB  . . . . . . . . . . .	P Near	 00000000 FLAT	Length= 00000000 External STDCALL
WriteBin . . . . . . . . . . . .	P Near	 00000000 FLAT	Length= 00000000 External STDCALL
WriteChar  . . . . . . . . . . .	P Near	 00000000 FLAT	Length= 00000000 External STDCALL
WriteConsoleA  . . . . . . . . .	P Near	 00000000 FLAT	Length= 00000000 External STDCALL
WriteConsoleOutputAttribute  . .	P Near	 00000000 FLAT	Length= 00000000 External STDCALL
WriteConsoleOutputCharacterA . .	P Near	 00000000 FLAT	Length= 00000000 External STDCALL
WriteDec . . . . . . . . . . . .	P Near	 00000000 FLAT	Length= 00000000 External STDCALL
WriteFile  . . . . . . . . . . .	P Near	 00000000 FLAT	Length= 00000000 External STDCALL
WriteFloat . . . . . . . . . . .	P Near	 00000000 FLAT	Length= 00000000 External STDCALL
WriteHexB  . . . . . . . . . . .	P Near	 00000000 FLAT	Length= 00000000 External STDCALL
WriteHex . . . . . . . . . . . .	P Near	 00000000 FLAT	Length= 00000000 External STDCALL
WriteInt . . . . . . . . . . . .	P Near	 00000000 FLAT	Length= 00000000 External STDCALL
WriteStackFrameName  . . . . . .	P Near	 00000000 FLAT	Length= 00000000 External STDCALL
WriteStackFrame  . . . . . . . .	P Near	 00000000 FLAT	Length= 00000000 External STDCALL
WriteString  . . . . . . . . . .	P Near	 00000000 FLAT	Length= 00000000 External STDCALL
WriteToFile  . . . . . . . . . .	P Near	 00000000 FLAT	Length= 00000000 External STDCALL
WriteWindowsMsg  . . . . . . . .	P Near	 00000000 FLAT	Length= 00000000 External STDCALL
close_file . . . . . . . . . . .	P Near	 00000000 _TEXT	Length= 00000011 Public STDCALL
main . . . . . . . . . . . . . .	P Near	 00000374 _TEXT	Length= 000000C8 Public STDCALL
  file_ok  . . . . . . . . . . .	L Near	 000003B6 _TEXT	
  check_buffer_size  . . . . . .	L Near	 000003E4 _TEXT	
  buf_size_ok  . . . . . . . . .	L Near	 00000408 _TEXT	
  quit . . . . . . . . . . . . .	L Near	 00000435 _TEXT	
printf . . . . . . . . . . . . .	P Near	 00000000 FLAT	Length= 00000000 External C
scanf  . . . . . . . . . . . . .	P Near	 00000000 FLAT	Length= 00000000 External C
wsprintfA  . . . . . . . . . . .	P Near	 00000000 FLAT	Length= 00000000 External C


Symbols:

                N a m e                 Type     Value    Attr

??0000 . . . . . . . . . . . . .	Byte	 00081D4A _DATA	
??0001 . . . . . . . . . . . . .	Byte	 00081D64 _DATA	
??0002 . . . . . . . . . . . . .	Byte	 00081D89 _DATA	
??0003 . . . . . . . . . . . . .	Byte	 00081DAC _DATA	
??0004 . . . . . . . . . . . . .	Byte	 00081DCA _DATA	
??0005 . . . . . . . . . . . . .	Byte	 00081DE7 _DATA	
@CodeSize  . . . . . . . . . . .	Number	 00000000h   
@DataSize  . . . . . . . . . . .	Number	 00000000h   
@Interface . . . . . . . . . . .	Number	 00000003h   
@Model . . . . . . . . . . . . .	Number	 00000007h   
@code  . . . . . . . . . . . . .	Text   	 _TEXT
@data  . . . . . . . . . . . . .	Text   	 FLAT
@fardata?  . . . . . . . . . . .	Text   	 FLAT
@fardata . . . . . . . . . . . .	Text   	 FLAT
@stack . . . . . . . . . . . . .	Text   	 FLAT
ALT_MASK . . . . . . . . . . . .	Number	 00000003h   
BUFFER_SIZE  . . . . . . . . . .	Number	 00030D40h   
CAPSLOCK_ON  . . . . . . . . . .	Number	 00000080h   
CREATE_ALWAYS  . . . . . . . . .	Number	 00000002h   
CREATE_NEW . . . . . . . . . . .	Number	 00000001h   
CTRL_MASK  . . . . . . . . . . .	Number	 0000000Ch   
CreateFile . . . . . . . . . . .	Text   	 CreateFileA
DO_NOT_SHARE . . . . . . . . . .	Number	 00000000h   
ENABLE_ECHO_INPUT  . . . . . . .	Number	 00000004h   
ENABLE_LINE_INPUT  . . . . . . .	Number	 00000002h   
ENABLE_MOUSE_INPUT . . . . . . .	Number	 00000010h   
ENABLE_PROCESSED_INPUT . . . . .	Number	 00000001h   
ENABLE_PROCESSED_OUTPUT  . . . .	Number	 00000001h   
ENABLE_WINDOW_INPUT  . . . . . .	Number	 00000008h   
ENABLE_WRAP_AT_EOL_OUTPUT  . . .	Number	 00000002h   
ENHANCED_KEY . . . . . . . . . .	Number	 00000100h   
FALSE  . . . . . . . . . . . . .	Number	 00000000h   
FILE_APPEND_DATA . . . . . . . .	Number	 00000004h   
FILE_ATTRIBUTE_ARCHIVE . . . . .	Number	 00000020h   
FILE_ATTRIBUTE_COMPRESSED  . . .	Number	 00000800h   
FILE_ATTRIBUTE_DEVICE  . . . . .	Number	 00000040h   
FILE_ATTRIBUTE_DIRECTORY . . . .	Number	 00000010h   
FILE_ATTRIBUTE_ENCRYPTED . . . .	Number	 00004000h   
FILE_ATTRIBUTE_HIDDEN  . . . . .	Number	 00000002h   
FILE_ATTRIBUTE_NORMAL  . . . . .	Number	 00000080h   
FILE_ATTRIBUTE_NOT_CONTENT_INDEXED .	Number	 00002000h   
FILE_ATTRIBUTE_OFFLINE . . . . .	Number	 00001000h   
FILE_ATTRIBUTE_READONLY  . . . .	Number	 00000001h   
FILE_ATTRIBUTE_REPARSE_POINT . .	Number	 00000400h   
FILE_ATTRIBUTE_SPARSE_FILE . . .	Number	 00000200h   
FILE_ATTRIBUTE_SYSTEM  . . . . .	Number	 00000004h   
FILE_ATTRIBUTE_TEMPORARY . . . .	Number	 00000100h   
FILE_BEGIN . . . . . . . . . . .	Number	 00000000h   
FILE_CURRENT . . . . . . . . . .	Number	 00000001h   
FILE_DELETE_CHILD  . . . . . . .	Number	 00000040h   
FILE_END . . . . . . . . . . . .	Number	 00000002h   
FILE_READ_DATA . . . . . . . . .	Number	 00000001h   
FILE_SHARE_DELETE  . . . . . . .	Number	 00000004h   
FILE_SHARE_READ  . . . . . . . .	Number	 00000001h   
FILE_SHARE_WRITE . . . . . . . .	Number	 00000002h   
FILE_WRITE_DATA  . . . . . . . .	Number	 00000002h   
FOCUS_EVENT  . . . . . . . . . .	Number	 00000010h   
FORMAT_MESSAGE_ALLOCATE_BUFFER .	Number	 00000100h   
FORMAT_MESSAGE_FROM_SYSTEM . . .	Number	 00001000h   
FormatMessage  . . . . . . . . .	Text   	 FormatMessageA
GENERIC_ALL  . . . . . . . . . .	Number	 10000000h   
GENERIC_EXECUTE  . . . . . . . .	Number	 20000000h   
GENERIC_READ . . . . . . . . . .	Number	 -80000000h   
GENERIC_WRITE  . . . . . . . . .	Number	 40000000h   
GetCommandLine . . . . . . . . .	Text   	 GetCommandLineA
HANDLE . . . . . . . . . . . . .	Text   	 DWORD
HEAP_GENERATE_EXCEPTIONS . . . .	Number	 00000004h   
HEAP_GROWABLE  . . . . . . . . .	Number	 00000002h   
HEAP_NO_SERIALIZE  . . . . . . .	Number	 00000001h   
HEAP_REALLOC_IN_PLACE_ONLY . . .	Number	 00000010h   
HEAP_ZERO_MEMORY . . . . . . . .	Number	 00000008h   
IDABORT  . . . . . . . . . . . .	Number	 00000003h   
IDCANCEL . . . . . . . . . . . .	Number	 00000002h   
IDCLOSE  . . . . . . . . . . . .	Number	 00000008h   
IDCONTINUE . . . . . . . . . . .	Number	 0000000Bh   
IDHELP . . . . . . . . . . . . .	Number	 00000009h   
IDIGNORE . . . . . . . . . . . .	Number	 00000005h   
IDNO . . . . . . . . . . . . . .	Number	 00000007h   
IDOK . . . . . . . . . . . . . .	Number	 00000001h   
IDRETRY  . . . . . . . . . . . .	Number	 00000004h   
IDTIMEOUT  . . . . . . . . . . .	Number	 00007D00h   
IDTRYAGAIN . . . . . . . . . . .	Number	 0000000Ah   
IDYES  . . . . . . . . . . . . .	Number	 00000006h   
INVALID_HANDLE_VALUE . . . . . .	Number	 -00000001h   
KBDOWN_FLAG  . . . . . . . . . .	Number	 00000001h   
KEY_EVENT  . . . . . . . . . . .	Number	 00000001h   
KEY_MASKS  . . . . . . . . . . .	Number	 0000001Fh   
LEFT_ALT_PRESSED . . . . . . . .	Number	 00000002h   
LEFT_CTRL_PRESSED  . . . . . . .	Number	 00000008h   
Lmax . . . . . . . . . . . . . .	Word	 00061B36 _DATA	
MAX_PICTURE_SIZE . . . . . . . .	Number	 00010000h   
MB_ABORTRETRYIGNORE  . . . . . .	Number	 00000002h   
MB_APPLMODAL . . . . . . . . . .	Number	 00000000h   
MB_CANCELTRYCONTINUE . . . . . .	Number	 00000006h   
MB_DEFBUTTON1  . . . . . . . . .	Number	 00000000h   
MB_DEFBUTTON2  . . . . . . . . .	Number	 00000100h   
MB_DEFBUTTON3  . . . . . . . . .	Number	 00000200h   
MB_DEFBUTTON4  . . . . . . . . .	Number	 00000300h   
MB_HELP  . . . . . . . . . . . .	Number	 00004000h   
MB_ICONASTERISK  . . . . . . . .	Number	 00000040h   
MB_ICONERROR . . . . . . . . . .	Number	 00000010h   
MB_ICONEXCLAMATION . . . . . . .	Number	 00000030h   
MB_ICONHAND  . . . . . . . . . .	Number	 00000010h   
MB_ICONINFORMATION . . . . . . .	Number	 00000040h   
MB_ICONQUESTION  . . . . . . . .	Number	 00000020h   
MB_ICONSTOP  . . . . . . . . . .	Number	 00000010h   
MB_ICONWARNING . . . . . . . . .	Number	 00000030h   
MB_OKCANCEL  . . . . . . . . . .	Number	 00000001h   
MB_OK  . . . . . . . . . . . . .	Number	 00000000h   
MB_RETRYCANCEL . . . . . . . . .	Number	 00000005h   
MB_SYSTEMMODAL . . . . . . . . .	Number	 00001000h   
MB_TASKMODAL . . . . . . . . . .	Number	 00002000h   
MB_USERICON  . . . . . . . . . .	Number	 00000080h   
MB_YESNOCANCEL . . . . . . . . .	Number	 00000003h   
MB_YESNO . . . . . . . . . . . .	Number	 00000004h   
MENU_EVENT . . . . . . . . . . .	Number	 00000008h   
MOUSE_EVENT  . . . . . . . . . .	Number	 00000002h   
MessageBox . . . . . . . . . . .	Text   	 MessageBoxA
M  . . . . . . . . . . . . . . .	Word	 00061B32 _DATA	
NULL . . . . . . . . . . . . . .	Number	 00000000h   
NUMLOCK_ON . . . . . . . . . . .	Number	 00000020h   
N  . . . . . . . . . . . . . . .	Word	 00061B34 _DATA	
OPEN_ALWAYS  . . . . . . . . . .	Number	 00000004h   
OPEN_EXISTING  . . . . . . . . .	Number	 00000003h   
P2 . . . . . . . . . . . . . . .	Word	 00061B2C _DATA	
PeekConsoleInput . . . . . . . .	Text   	 PeekConsoleInputA
RIGHT_ALT_PRESSED  . . . . . . .	Number	 00000001h   
RIGHT_CTRL_PRESSED . . . . . . .	Number	 00000004h   
ReadConsoleInput . . . . . . . .	Text   	 ReadConsoleInputA
ReadConsole  . . . . . . . . . .	Text   	 ReadConsoleA
SCROLLLOCK_ON  . . . . . . . . .	Number	 00000040h   
SHIFT_MASK . . . . . . . . . . .	Number	 00000010h   
SHIFT_PRESSED  . . . . . . . . .	Number	 00000010h   
STD_ERROR_HANDLE . . . . . . . .	Number	 -0000000Ch   
STD_INPUT_HANDLE . . . . . . . .	Number	 -0000000Ah   
STD_OUTPUT_HANDLE  . . . . . . .	Number	 -0000000Bh   
SetConsoleTitle  . . . . . . . .	Text   	 SetConsoleTitleA
TAB  . . . . . . . . . . . . . .	Number	 00000009h   
TRUE . . . . . . . . . . . . . .	Number	 00000001h   
TRUNCATE_EXISTING  . . . . . . .	Number	 00000005h   
VK_11  . . . . . . . . . . . . .	Number	 000000BDh   
VK_12  . . . . . . . . . . . . .	Number	 000000BBh   
VK_ADD . . . . . . . . . . . . .	Number	 0000006Bh   
VK_BACK  . . . . . . . . . . . .	Number	 00000008h   
VK_CANCEL  . . . . . . . . . . .	Number	 00000003h   
VK_CAPITAL . . . . . . . . . . .	Number	 00000014h   
VK_CLEAR . . . . . . . . . . . .	Number	 0000000Ch   
VK_CONTROL . . . . . . . . . . .	Number	 00000011h   
VK_DECIMAL . . . . . . . . . . .	Number	 0000006Eh   
VK_DELETE  . . . . . . . . . . .	Number	 0000002Eh   
VK_DIVIDE  . . . . . . . . . . .	Number	 0000006Fh   
VK_DOWN  . . . . . . . . . . . .	Number	 00000028h   
VK_END . . . . . . . . . . . . .	Number	 00000023h   
VK_ESCAPE  . . . . . . . . . . .	Number	 0000001Bh   
VK_EXECUTE . . . . . . . . . . .	Number	 0000002Bh   
VK_F10 . . . . . . . . . . . . .	Number	 00000079h   
VK_F11 . . . . . . . . . . . . .	Number	 0000007Ah   
VK_F12 . . . . . . . . . . . . .	Number	 0000007Bh   
VK_F13 . . . . . . . . . . . . .	Number	 0000007Ch   
VK_F14 . . . . . . . . . . . . .	Number	 0000007Dh   
VK_F15 . . . . . . . . . . . . .	Number	 0000007Eh   
VK_F16 . . . . . . . . . . . . .	Number	 0000007Fh   
VK_F17 . . . . . . . . . . . . .	Number	 00000080h   
VK_F18 . . . . . . . . . . . . .	Number	 00000081h   
VK_F19 . . . . . . . . . . . . .	Number	 00000082h   
VK_F1  . . . . . . . . . . . . .	Number	 00000070h   
VK_F20 . . . . . . . . . . . . .	Number	 00000083h   
VK_F21 . . . . . . . . . . . . .	Number	 00000084h   
VK_F22 . . . . . . . . . . . . .	Number	 00000085h   
VK_F23 . . . . . . . . . . . . .	Number	 00000086h   
VK_F24 . . . . . . . . . . . . .	Number	 00000087h   
VK_F2  . . . . . . . . . . . . .	Number	 00000071h   
VK_F3  . . . . . . . . . . . . .	Number	 00000072h   
VK_F4  . . . . . . . . . . . . .	Number	 00000073h   
VK_F5  . . . . . . . . . . . . .	Number	 00000074h   
VK_F6  . . . . . . . . . . . . .	Number	 00000075h   
VK_F7  . . . . . . . . . . . . .	Number	 00000076h   
VK_F8  . . . . . . . . . . . . .	Number	 00000077h   
VK_F9  . . . . . . . . . . . . .	Number	 00000078h   
VK_HELP  . . . . . . . . . . . .	Number	 0000002Fh   
VK_HOME  . . . . . . . . . . . .	Number	 00000024h   
VK_INSERT  . . . . . . . . . . .	Number	 0000002Dh   
VK_LBUTTON . . . . . . . . . . .	Number	 00000001h   
VK_LCONTROL  . . . . . . . . . .	Number	 000000A2h   
VK_LEFT  . . . . . . . . . . . .	Number	 00000025h   
VK_LMENU . . . . . . . . . . . .	Number	 000000A4h   
VK_LSHIFT  . . . . . . . . . . .	Number	 000000A0h   
VK_MENU  . . . . . . . . . . . .	Number	 00000012h   
VK_MULTIPLY  . . . . . . . . . .	Number	 0000006Ah   
VK_NEXT  . . . . . . . . . . . .	Number	 00000022h   
VK_NUMLOCK . . . . . . . . . . .	Number	 00000090h   
VK_NUMPAD0 . . . . . . . . . . .	Number	 00000060h   
VK_NUMPAD1 . . . . . . . . . . .	Number	 00000061h   
VK_NUMPAD2 . . . . . . . . . . .	Number	 00000062h   
VK_NUMPAD3 . . . . . . . . . . .	Number	 00000063h   
VK_NUMPAD4 . . . . . . . . . . .	Number	 00000064h   
VK_NUMPAD5 . . . . . . . . . . .	Number	 00000065h   
VK_NUMPAD6 . . . . . . . . . . .	Number	 00000066h   
VK_NUMPAD7 . . . . . . . . . . .	Number	 00000067h   
VK_NUMPAD8 . . . . . . . . . . .	Number	 00000068h   
VK_NUMPAD9 . . . . . . . . . . .	Number	 00000069h   
VK_PAUSE . . . . . . . . . . . .	Number	 00000013h   
VK_PRINT . . . . . . . . . . . .	Number	 0000002Ah   
VK_PRIOR . . . . . . . . . . . .	Number	 00000021h   
VK_RBUTTON . . . . . . . . . . .	Number	 00000002h   
VK_RCONTROL  . . . . . . . . . .	Number	 000000A3h   
VK_RETURN  . . . . . . . . . . .	Number	 0000000Dh   
VK_RIGHT . . . . . . . . . . . .	Number	 00000027h   
VK_RMENU . . . . . . . . . . . .	Number	 000000A5h   
VK_RSHIFT  . . . . . . . . . . .	Number	 000000A1h   
VK_SCROLL  . . . . . . . . . . .	Number	 00000091h   
VK_SEPARATER . . . . . . . . . .	Number	 0000006Ch   
VK_SHIFT . . . . . . . . . . . .	Number	 00000010h   
VK_SNAPSHOT  . . . . . . . . . .	Number	 0000002Ch   
VK_SPACE . . . . . . . . . . . .	Number	 00000020h   
VK_SUBTRACT  . . . . . . . . . .	Number	 0000006Dh   
VK_TAB . . . . . . . . . . . . .	Number	 00000009h   
VK_UP  . . . . . . . . . . . . .	Number	 00000026h   
WINDOW_BUFFER_SIZE_EVENT . . . .	Number	 00000004h   
WriteConsoleOutputCharacter  . .	Text   	 WriteConsoleOutputCharacterA
WriteConsole . . . . . . . . . .	Text   	 WriteConsoleA
black  . . . . . . . . . . . . .	Number	 00000000h   
blue . . . . . . . . . . . . . .	Number	 00000001h   
brojac . . . . . . . . . . . . .	DWord	 00081D46 _DATA	
broj . . . . . . . . . . . . . .	Byte	 00081D40 _DATA	
brown  . . . . . . . . . . . . .	Number	 00000006h   
buffer . . . . . . . . . . . . .	Byte	 00000000 _DATA	
cifra  . . . . . . . . . . . . .	Word	 00081D44 _DATA	
cyan . . . . . . . . . . . . . .	Number	 00000003h   
exit . . . . . . . . . . . . . .	Text   	 INVOKE ExitProcess,0
fileHandle . . . . . . . . . . .	DWord	 00030D90 _DATA	
filename . . . . . . . . . . . .	Byte	 00030D40 _DATA	
gray . . . . . . . . . . . . . .	Number	 00000008h   
green  . . . . . . . . . . . . .	Number	 00000002h   
histogram  . . . . . . . . . . .	Word	 00061B40 _DATA	
lightBlue  . . . . . . . . . . .	Number	 00000009h   
lightCyan  . . . . . . . . . . .	Number	 0000000Bh   
lightGray  . . . . . . . . . . .	Number	 00000007h   
lightGreen . . . . . . . . . . .	Number	 0000000Ah   
lightMagenta . . . . . . . . . .	Number	 0000000Dh   
lightRed . . . . . . . . . . . .	Number	 0000000Ch   
magenta  . . . . . . . . . . . .	Number	 00000005h   
outbuffer  . . . . . . . . . . .	Byte	 00030D94 _DATA	
outfileHandle  . . . . . . . . .	DWord	 00061B24 _DATA	
outfilename  . . . . . . . . . .	Byte	 00061AD4 _DATA	
outindex . . . . . . . . . . . .	DWord	 00061B28 _DATA	
pixeli . . . . . . . . . . . . .	Word	 00061D40 _DATA	
pocetakNiza  . . . . . . . . . .	DWord	 00061B38 _DATA	
red  . . . . . . . . . . . . . .	Number	 00000004h   
suma . . . . . . . . . . . . . .	DWord	 00061B3C _DATA	
velicinaBafera . . . . . . . . .	DWord	 00061B2E _DATA	
white  . . . . . . . . . . . . .	Number	 0000000Fh   
wsprintf . . . . . . . . . . . .	Text   	 wsprintfA
yellow . . . . . . . . . . . . .	Number	 0000000Eh   

	   0 Warnings
	   0 Errors
